Archive member included because of file (symbol)

c:/program files (x86)/atmel/atmel toolchain/avr8 gcc/native/3.4.1061/avr8-gnu-toolchain/bin/../lib/gcc/avr/4.8.1/../../../../avr/lib\libpololu_atmega328p.a(OrangutanAnalog.o)
                              main.o (read_battery_millivolts_3pi)
c:/program files (x86)/atmel/atmel toolchain/avr8 gcc/native/3.4.1061/avr8-gnu-toolchain/bin/../lib/gcc/avr/4.8.1/../../../../avr/lib\libpololu_atmega328p.a(OrangutanBuzzer.o)
                              main.o (is_playing)
c:/program files (x86)/atmel/atmel toolchain/avr8 gcc/native/3.4.1061/avr8-gnu-toolchain/bin/../lib/gcc/avr/4.8.1/../../../../avr/lib\libpololu_atmega328p.a(OrangutanLCD.o)
                              bargraph.o (lcd_load_custom_character)
c:/program files (x86)/atmel/atmel toolchain/avr8 gcc/native/3.4.1061/avr8-gnu-toolchain/bin/../lib/gcc/avr/4.8.1/../../../../avr/lib\libpololu_atmega328p.a(OrangutanMotors.o)
                              follow-segment.o (set_motors)
c:/program files (x86)/atmel/atmel toolchain/avr8 gcc/native/3.4.1061/avr8-gnu-toolchain/bin/../lib/gcc/avr/4.8.1/../../../../avr/lib\libpololu_atmega328p.a(OrangutanPushbuttons.o)
                              main.o (wait_for_button_release)
c:/program files (x86)/atmel/atmel toolchain/avr8 gcc/native/3.4.1061/avr8-gnu-toolchain/bin/../lib/gcc/avr/4.8.1/../../../../avr/lib\libpololu_atmega328p.a(OrangutanTime.o)
                              main.o (delay_ms)
c:/program files (x86)/atmel/atmel toolchain/avr8 gcc/native/3.4.1061/avr8-gnu-toolchain/bin/../lib/gcc/avr/4.8.1/../../../../avr/lib\libpololu_atmega328p.a(Pololu3pi.o)
                              main.o (calibrate_line_sensors)
c:/program files (x86)/atmel/atmel toolchain/avr8 gcc/native/3.4.1061/avr8-gnu-toolchain/bin/../lib/gcc/avr/4.8.1/../../../../avr/lib\libpololu_atmega328p.a(PololuQTRSensors.o)
                              c:/program files (x86)/atmel/atmel toolchain/avr8 gcc/native/3.4.1061/avr8-gnu-toolchain/bin/../lib/gcc/avr/4.8.1/../../../../avr/lib\libpololu_atmega328p.a(Pololu3pi.o) (_ZN16PololuQTRSensors11emittersOffEv)
c:/program files (x86)/atmel/atmel toolchain/avr8 gcc/native/3.4.1061/avr8-gnu-toolchain/bin/../lib/gcc/avr/4.8.1/avr5\libgcc.a(_mulsi3.o)
                              c:/program files (x86)/atmel/atmel toolchain/avr8 gcc/native/3.4.1061/avr8-gnu-toolchain/bin/../lib/gcc/avr/4.8.1/../../../../avr/lib\libpololu_atmega328p.a(OrangutanAnalog.o) (__mulsi3)
c:/program files (x86)/atmel/atmel toolchain/avr8 gcc/native/3.4.1061/avr8-gnu-toolchain/bin/../lib/gcc/avr/4.8.1/avr5\libgcc.a(_udivmodqi4.o)
                              c:/program files (x86)/atmel/atmel toolchain/avr8 gcc/native/3.4.1061/avr8-gnu-toolchain/bin/../lib/gcc/avr/4.8.1/../../../../avr/lib\libpololu_atmega328p.a(OrangutanBuzzer.o) (__udivmodqi4)
c:/program files (x86)/atmel/atmel toolchain/avr8 gcc/native/3.4.1061/avr8-gnu-toolchain/bin/../lib/gcc/avr/4.8.1/avr5\libgcc.a(_udivmodhi4.o)
                              bargraph.o (__udivmodhi4)
c:/program files (x86)/atmel/atmel toolchain/avr8 gcc/native/3.4.1061/avr8-gnu-toolchain/bin/../lib/gcc/avr/4.8.1/avr5\libgcc.a(_divmodhi4.o)
                              follow-segment.o (__divmodhi4)
c:/program files (x86)/atmel/atmel toolchain/avr8 gcc/native/3.4.1061/avr8-gnu-toolchain/bin/../lib/gcc/avr/4.8.1/avr5\libgcc.a(_udivmodsi4.o)
                              c:/program files (x86)/atmel/atmel toolchain/avr8 gcc/native/3.4.1061/avr8-gnu-toolchain/bin/../lib/gcc/avr/4.8.1/../../../../avr/lib\libpololu_atmega328p.a(OrangutanAnalog.o) (__udivmodsi4)
c:/program files (x86)/atmel/atmel toolchain/avr8 gcc/native/3.4.1061/avr8-gnu-toolchain/bin/../lib/gcc/avr/4.8.1/avr5\libgcc.a(_divmodsi4.o)
                              follow-segment.o (__divmodsi4)
c:/program files (x86)/atmel/atmel toolchain/avr8 gcc/native/3.4.1061/avr8-gnu-toolchain/bin/../lib/gcc/avr/4.8.1/avr5\libgcc.a(_negsi2.o)
                              c:/program files (x86)/atmel/atmel toolchain/avr8 gcc/native/3.4.1061/avr8-gnu-toolchain/bin/../lib/gcc/avr/4.8.1/avr5\libgcc.a(_divmodsi4.o) (__negsi2)
c:/program files (x86)/atmel/atmel toolchain/avr8 gcc/native/3.4.1061/avr8-gnu-toolchain/bin/../lib/gcc/avr/4.8.1/avr5\libgcc.a(_exit.o)
                              c:/program files (x86)/atmel/atmel toolchain/avr8 gcc/native/3.4.1061/avr8-gnu-toolchain/bin/../lib/gcc/avr/4.8.1/../../../../avr/lib/avr5/crtm328p.o (exit)
c:/program files (x86)/atmel/atmel toolchain/avr8 gcc/native/3.4.1061/avr8-gnu-toolchain/bin/../lib/gcc/avr/4.8.1/avr5\libgcc.a(_copy_data.o)
                              bargraph.o (__do_copy_data)
c:/program files (x86)/atmel/atmel toolchain/avr8 gcc/native/3.4.1061/avr8-gnu-toolchain/bin/../lib/gcc/avr/4.8.1/avr5\libgcc.a(_clear_bss.o)
                              maze-solve.o (__do_clear_bss)
c:/program files (x86)/atmel/atmel toolchain/avr8 gcc/native/3.4.1061/avr8-gnu-toolchain/bin/../lib/gcc/avr/4.8.1/avr5\libgcc.a(_ctors.o)
[...]
Memory Configuration

Name             Origin             Length             Attributes
text             0x00000000         0x00020000         xr
data             0x00800060         0x0000ffa0         rw !x
eeprom           0x00810000         0x00010000         rw !x
fuse             0x00820000         0x00000400         rw !x
lock             0x00830000         0x00000400         rw !x
signature        0x00840000         0x00000400         rw !x
user_signatures  0x00850000         0x00000400         rw !x
*default*        0x00000000         0xffffffff

Linker script and memory map

Address of section .data set to 0x800100
LOAD c:/program files (x86)/atmel/atmel toolchain/avr8 gcc/native/3.4.1061/avr8-gnu-toolchain/bin/../lib/gcc/avr/4.8.1/../../../../avr/lib/avr5/crtm328p.o
LOAD bargraph.o
LOAD follow-segment.o
LOAD main.o
LOAD maze-solve.o
LOAD turn.o
START GROUP
LOAD c:/program files (x86)/atmel/atmel toolchain/avr8 gcc/native/3.4.1061/avr8-gnu-toolchain/bin/../lib/gcc/avr/4.8.1/../../../../avr/lib\libpololu_atmega328p.a
LOAD c:/program files (x86)/atmel/atmel toolchain/avr8 gcc/native/3.4.1061/avr8-gnu-toolchain/bin/../lib/gcc/avr/4.8.1/../../../../avr/lib/avr5\libm.a
END GROUP
START GROUP
LOAD c:/program files (x86)/atmel/atmel toolchain/avr8 gcc/native/3.4.1061/avr8-gnu-toolchain/bin/../lib/gcc/avr/4.8.1/avr5\libgcc.a
LOAD c:/program files (x86)/atmel/atmel toolchain/avr8 gcc/native/3.4.1061/avr8-gnu-toolchain/bin/../lib/gcc/avr/4.8.1/../../../../avr/lib/avr5\libm.a
LOAD c:/program files (x86)/atmel/atmel toolchain/avr8 gcc/native/3.4.1061/avr8-gnu-toolchain/bin/../lib/gcc/avr/4.8.1/../../../../avr/lib/avr5\libc.a
END GROUP

.hash
 *(.hash)

.dynsym
 *(.dynsym)

.dynstr
 *(.dynstr)

.gnu.version
 *(.gnu.version)

.gnu.version_d
 *(.gnu.version_d)

.gnu.version_r
 *(.gnu.version_r)

.rel.init
 *(.rel.init)

.rela.init
 *(.rela.init)

.rel.text
 *(.rel.text)
 *(.rel.text.*)
 *(.rel.gnu.linkonce.t*)

.rela.text
 *(.rela.text)
 *(.rela.text.*)
 *(.rela.gnu.linkonce.t*)

.rel.fini
 *(.rel.fini)

.rela.fini
 *(.rela.fini)

.rel.rodata
 *(.rel.rodata)
 *(.rel.rodata.*)
 *(.rel.gnu.linkonce.r*)

.rela.rodata
 *(.rela.rodata)
 *(.rela.rodata.*)
 *(.rela.gnu.linkonce.r*)

.rel.data
 *(.rel.data)
 *(.rel.data.*)
 *(.rel.gnu.linkonce.d*)

.rela.data
 *(.rela.data)
 *(.rela.data.*)
 *(.rela.gnu.linkonce.d*)

.rel.ctors
 *(.rel.ctors)

.rela.ctors
 *(.rela.ctors)

.rel.dtors
 *(.rel.dtors)

.rela.dtors
 *(.rela.dtors)

.rel.got
 *(.rel.got)

.rela.got
 *(.rela.got)

.rel.bss
 *(.rel.bss)

.rela.bss
 *(.rela.bss)

.rel.plt
 *(.rel.plt)

.rela.plt
 *(.rela.plt)

.text           0x00000000     0x2b4c
 *(.vectors)
 .vectors       0x00000000       0x68 c:/program files (x86)/atmel/atmel toolchain/avr8 gcc/native/3.4.1061/avr8-gnu-toolchain/bin/../lib/gcc/avr/4.8.1/../../../../avr/lib/avr5/crtm328p.o
                0x00000000                __vector_default
                0x00000000                __vectors
 *(.vectors)
 *(.progmem.gcc*)
                0x00000068                . = ALIGN (0x2)
                0x00000068                __trampolines_start = .
 *(.trampolines)
 .trampolines   0x00000068        0x0 linker stubs
 *(.trampolines*)
                0x00000068                __trampolines_end = .
 *(.progmem*)
 .progmem.data.levels
                0x00000068        0xe bargraph.o
                0x00000068                levels
 .progmem.data.go
                0x00000076        0xd main.o
                0x00000076                go
 .progmem.data.welcome
                0x00000083        0xa main.o
                0x00000083                welcome
 .progmem.data.demo_name_line2
                0x0000008d        0x8 main.o
                0x0000008d                demo_name_line2
 .progmem.data.demo_name_line1
                0x00000095        0x7 main.o
                0x00000095                demo_name_line1
 .progmem.data.welcome_line2
                0x0000009c        0x8 main.o
                0x0000009c                welcome_line2
 .progmem.data.welcome_line1
                0x000000a4        0x9 main.o
                0x000000a4                welcome_line1
                0x000000ae                . = ALIGN (0x2)
 *fill*         0x000000ad        0x1 
 *(.jumptables)
 *(.jumptables*)
 *(.lowtext)
 *(.lowtext*)
                0x000000ae                __ctors_start = .
 *(.ctors)
 .ctors         0x000000ae        0x2 c:/program files (x86)/atmel/atmel toolchain/avr8 gcc/native/3.4.1061/avr8-gnu-toolchain/bin/../lib/gcc/avr/4.8.1/../../../../avr/lib\libpololu_atmega328p.a(Pololu3pi.o)
                0x000000b0                __ctors_end = .
                0x000000b0                __dtors_start = .
 *(.dtors)
 .dtors         0x000000b0        0x2 c:/program files (x86)/atmel/atmel toolchain/avr8 gcc/native/3.4.1061/avr8-gnu-toolchain/bin/../lib/gcc/avr/4.8.1/../../../../avr/lib\libpololu_atmega328p.a(Pololu3pi.o)
                0x000000b2                __dtors_end = .
 SORT(*)(.ctors)
 SORT(*)(.dtors)
 *(.init0)
 .init0         0x000000b2        0x0 c:/program files (x86)/atmel/atmel toolchain/avr8 gcc/native/3.4.1061/avr8-gnu-toolchain/bin/../lib/gcc/avr/4.8.1/../../../../avr/lib/avr5/crtm328p.o
                0x000000b2                __init
 *(.init0)
 *(.init1)
 *(.init1)
 *(.init2)
 .init2         0x000000b2        0xc c:/program files (x86)/atmel/atmel toolchain/avr8 gcc/native/3.4.1061/avr8-gnu-toolchain/bin/../lib/gcc/avr/4.8.1/../../../../avr/lib/avr5/crtm328p.o
 *(.init2)
 *(.init3)
 *(.init3)
 *(.init4)
 .init4         0x000000be       0x16 c:/program files (x86)/atmel/atmel toolchain/avr8 gcc/native/3.4.1061/avr8-gnu-toolchain/bin/../lib/gcc/avr/4.8.1/avr5\libgcc.a(_copy_data.o)
                0x000000be                __do_copy_data
 .init4         0x000000d4       0x10 c:/program files (x86)/atmel/atmel toolchain/avr8 gcc/native/3.4.1061/avr8-gnu-toolchain/bin/../lib/gcc/avr/4.8.1/avr5\libgcc.a(_clear_bss.o)
                0x000000d4                __do_clear_bss
 *(.init4)
 *(.init5)
 *(.init5)
 *(.init6)
 .init6         0x000000e4       0x16 c:/program files (x86)/atmel/atmel toolchain/avr8 gcc/native/3.4.1061/avr8-gnu-toolchain/bin/../lib/gcc/avr/4.8.1/avr5\libgcc.a(_ctors.o)
                0x000000e4                __do_global_ctors
 *(.init6)
 *(.init7)
 *(.init7)
 *(.init8)
 *(.init8)
 *(.init9)
 .init9         0x000000fa        0x8 c:/program files (x86)/atmel/atmel toolchain/avr8 gcc/native/3.4.1061/avr8-gnu-toolchain/bin/../lib/gcc/avr/4.8.1/../../../../avr/lib/avr5/crtm328p.o
 *(.init9)
 *(.text)
 .text          0x00000102        0x4 c:/program files (x86)/atmel/atmel toolchain/avr8 gcc/native/3.4.1061/avr8-gnu-toolchain/bin/../lib/gcc/avr/4.8.1/../../../../avr/lib/avr5/crtm328p.o
                0x00000102                __vector_22
                0x00000102                __vector_1
                0x00000102                __vector_24
                0x00000102                __vector_12
                0x00000102                __bad_interrupt
                0x00000102                __vector_6
                0x00000102                __vector_3
                0x00000102                __vector_23
                0x00000102                __vector_25
                0x00000102                __vector_11
                0x00000102                __vector_17
                0x00000102                __vector_19
                0x00000102                __vector_7
                0x00000102                __vector_5
                0x00000102                __vector_4
                0x00000102                __vector_2
                0x00000102                __vector_21
                0x00000102                __vector_15
                0x00000102                __vector_8
                0x00000102                __vector_14
                0x00000102                __vector_10
                0x00000102                __vector_16
                0x00000102                __vector_18
                0x00000102                __vector_20
                0x00000106                . = ALIGN (0x2)
 *(.text.*)
 .text.load_custom_characters
                0x00000106       0x4a bargraph.o
                0x00000106                load_custom_characters
 .text.display_readings
                0x00000150       0x88 bargraph.o
                0x00000150                display_readings
 .text.follow_segment
                0x000001d8      0x13c follow-segment.o
                0x000001d8                follow_segment
 .text.initialize
                0x00000314      0x178 main.o
                0x00000314                initialize
 .text.startup.main
                0x0000048c        0xe main.o
                0x0000048c                main
 .text.sensor_data
                0x0000049a       0x80 maze-solve.o
                0x0000049a                sensor_data
 .text.sensor_data_verified
                0x0000051a       0x32 maze-solve.o
                0x0000051a                sensor_data_verified
 .text.process_u
                0x0000054c       0x90 maze-solve.o
                0x0000054c                process_u
 .text.process_array
                0x000005dc       0x64 maze-solve.o
                0x000005dc                process_array
 .text.evaluate_direction
                0x00000640       0x4c maze-solve.o
                0x00000640                evaluate_direction
 .text.destination_operation
                0x0000068c       0x1a maze-solve.o
                0x0000068c                destination_operation
 .text.maze_solve
                0x000006a6      0x2e4 maze-solve.o
                0x000006a6                maze_solve
 .text.turn     0x0000098a      0x2ac turn.o
                0x0000098a                turn
 .text._ZN15OrangutanAnalog7setModeEh
                0x00000c36       0x18 c:/program files (x86)/atmel/atmel toolchain/avr8 gcc/native/3.4.1061/avr8-gnu-toolchain/bin/../lib/gcc/avr/4.8.1/../../../../avr/lib\libpololu_atmega328p.a(OrangutanAnalog.o)
                0x00000c36                _ZN15OrangutanAnalog7setModeEh
 .text._ZN15OrangutanAnalog7getModeEv
                0x00000c4e       0x14 c:/program files (x86)/atmel/atmel toolchain/avr8 gcc/native/3.4.1061/avr8-gnu-toolchain/bin/../lib/gcc/avr/4.8.1/../../../../avr/lib\libpololu_atmega328p.a(OrangutanAnalog.o)
                0x00000c4e                _ZN15OrangutanAnalog7getModeEv
 .text._ZN15OrangutanAnalog12isConvertingEv
                0x00000c62       0x14 c:/program files (x86)/atmel/atmel toolchain/avr8 gcc/native/3.4.1061/avr8-gnu-toolchain/bin/../lib/gcc/avr/4.8.1/../../../../avr/lib\libpololu_atmega328p.a(OrangutanAnalog.o)
                0x00000c62                _ZN15OrangutanAnalog12isConvertingEv
 .text._ZN15OrangutanAnalog16conversionResultEv
                0x00000c76       0x1c c:/program files (x86)/atmel/atmel toolchain/avr8 gcc/native/3.4.1061/avr8-gnu-toolchain/bin/../lib/gcc/avr/4.8.1/../../../../avr/lib\libpololu_atmega328p.a(OrangutanAnalog.o)
                0x00000c76                _ZN15OrangutanAnalog16conversionResultEv
 .text._ZN15OrangutanAnalog15startConversionEhh
                0x00000c92       0x32 c:/program files (x86)/atmel/atmel toolchain/avr8 gcc/native/3.4.1061/avr8-gnu-toolchain/bin/../lib/gcc/avr/4.8.1/../../../../avr/lib\libpololu_atmega328p.a(OrangutanAnalog.o)
                0x00000c92                _ZN15OrangutanAnalog15startConversionEhh
 .text._ZN15OrangutanAnalog11readAverageEhj
                0x00000cc4       0x8c c:/program files (x86)/atmel/atmel toolchain/avr8 gcc/native/3.4.1061/avr8-gnu-toolchain/bin/../lib/gcc/avr/4.8.1/../../../../avr/lib\libpololu_atmega328p.a(OrangutanAnalog.o)
                0x00000cc4                _ZN15OrangutanAnalog11readAverageEhj
 .text._ZN15OrangutanAnalog12toMillivoltsEj
                0x00000d50       0x7c c:/program files (x86)/atmel/atmel toolchain/avr8 gcc/native/3.4.1061/avr8-gnu-toolchain/bin/../lib/gcc/avr/4.8.1/../../../../avr/lib\libpololu_atmega328p.a(OrangutanAnalog.o)
                0x00000d50                _ZN15OrangutanAnalog12toMillivoltsEj
 .text._ZN15OrangutanAnalog21readAverageMillivoltsEhj
                0x00000dcc        0xa c:/program files (x86)/atmel/atmel toolchain/avr8 gcc/native/3.4.1061/avr8-gnu-toolchain/bin/../lib/gcc/avr/4.8.1/../../../../avr/lib\libpololu_atmega328p.a(OrangutanAnalog.o)
                0x00000dcc                _ZN15OrangutanAnalog21readAverageMillivoltsEhj
 .text._ZN15OrangutanAnalog25readBatteryMillivolts_3piEv
                0x00000dd6       0x40 c:/program files (x86)/atmel/atmel toolchain/avr8 gcc/native/3.4.1061/avr8-gnu-toolchain/bin/../lib/gcc/avr/4.8.1/../../../../avr/lib\libpololu_atmega328p.a(OrangutanAnalog.o)
                0x00000dd6                _ZN15OrangutanAnalog25readBatteryMillivolts_3piEv
 .text.read_battery_millivolts_3pi
                0x00000e16        0x6 c:/program files (x86)/atmel/atmel toolchain/avr8 gcc/native/3.4.1061/avr8-gnu-toolchain/bin/../lib/gcc/avr/4.8.1/../../../../avr/lib\libpololu_atmega328p.a(OrangutanAnalog.o)
                0x00000e16                read_battery_millivolts_3pi
 .text._ZL16currentCharacterv
                0x00000e1c       0x44 c:/program files (x86)/atmel/atmel toolchain/avr8 gcc/native/3.4.1061/avr8-gnu-toolchain/bin/../lib/gcc/avr/4.8.1/../../../../avr/lib\libpololu_atmega328p.a(OrangutanBuzzer.o)
 .text._ZL9getNumberv
                0x00000e60       0x5c c:/program files (x86)/atmel/atmel toolchain/avr8 gcc/native/3.4.1061/avr8-gnu-toolchain/bin/../lib/gcc/avr/4.8.1/../../../../avr/lib\libpololu_atmega328p.a(OrangutanBuzzer.o)
 .text._ZN15OrangutanBuzzer5init2Ev
                0x00000ebc       0x2e c:/program files (x86)/atmel/atmel toolchain/avr8 gcc/native/3.4.1061/avr8-gnu-toolchain/bin/../lib/gcc/avr/4.8.1/../../../../avr/lib\libpololu_atmega328p.a(OrangutanBuzzer.o)
                0x00000ebc                _ZN15OrangutanBuzzer5init2Ev
 .text._ZN15OrangutanBuzzer4initEv
                0x00000eea       0x14 c:/program files (x86)/atmel/atmel toolchain/avr8 gcc/native/3.4.1061/avr8-gnu-toolchain/bin/../lib/gcc/avr/4.8.1/../../../../avr/lib\libpololu_atmega328p.a(OrangutanBuzzer.o)
                0x00000eea                _ZN15OrangutanBuzzer4initEv
 .text._ZN15OrangutanBuzzer13playFrequencyEjjh
                0x00000efe      0x16a c:/program files (x86)/atmel/atmel toolchain/avr8 gcc/native/3.4.1061/avr8-gnu-toolchain/bin/../lib/gcc/avr/4.8.1/../../../../avr/lib\libpololu_atmega328p.a(OrangutanBuzzer.o)
                0x00000efe                _ZN15OrangutanBuzzer13playFrequencyEjjh
 .text._ZN15OrangutanBuzzer8playNoteEhjh
                0x00001068       0xac c:/program files (x86)/atmel/atmel toolchain/avr8 gcc/native/3.4.1061/avr8-gnu-toolchain/bin/../lib/gcc/avr/4.8.1/../../../../avr/lib\libpololu_atmega328p.a(OrangutanBuzzer.o)
                0x00001068                _ZN15OrangutanBuzzer8playNoteEhjh
 .text._ZL8nextNotev
                0x00001114      0x2a2 c:/program files (x86)/atmel/atmel toolchain/avr8 gcc/native/3.4.1061/avr8-gnu-toolchain/bin/../lib/gcc/avr/4.8.1/../../../../avr/lib\libpololu_atmega328p.a(OrangutanBuzzer.o)
 .text.__vector_13
                0x000013b6       0xa2 c:/program files (x86)/atmel/atmel toolchain/avr8 gcc/native/3.4.1061/avr8-gnu-toolchain/bin/../lib/gcc/avr/4.8.1/../../../../avr/lib\libpololu_atmega328p.a(OrangutanBuzzer.o)
                0x000013b6                __vector_13
 .text._ZN15OrangutanBuzzer9isPlayingEv
                0x00001458       0x20 c:/program files (x86)/atmel/atmel toolchain/avr8 gcc/native/3.4.1061/avr8-gnu-toolchain/bin/../lib/gcc/avr/4.8.1/../../../../avr/lib\libpololu_atmega328p.a(OrangutanBuzzer.o)
                0x00001458                _ZN15OrangutanBuzzer9isPlayingEv
 .text.is_playing
                0x00001478        0x6 c:/program files (x86)/atmel/atmel toolchain/avr8 gcc/native/3.4.1061/avr8-gnu-toolchain/bin/../lib/gcc/avr/4.8.1/../../../../avr/lib\libpololu_atmega328p.a(OrangutanBuzzer.o)
                0x00001478                is_playing
 .text._ZN15OrangutanBuzzer20playFromProgramSpaceEPKc
                0x0000147e       0x1c c:/program files (x86)/atmel/atmel toolchain/avr8 gcc/native/3.4.1061/avr8-gnu-toolchain/bin/../lib/gcc/avr/4.8.1/../../../../avr/lib\libpololu_atmega328p.a(OrangutanBuzzer.o)
                0x0000147e                _ZN15OrangutanBuzzer20playFromProgramSpaceEPKc
 .text.play_from_program_space
                0x0000149a        0x6 c:/program files (x86)/atmel/atmel toolchain/avr8 gcc/native/3.4.1061/avr8-gnu-toolchain/bin/../lib/gcc/avr/4.8.1/../../../../avr/lib\libpololu_atmega328p.a(OrangutanBuzzer.o)
                0x0000149a                play_from_program_space
 .text.delayMicroseconds.clone.0
                0x000014a0       0x14 c:/program files (x86)/atmel/atmel toolchain/avr8 gcc/native/3.4.1061/avr8-gnu-toolchain/bin/../lib/gcc/avr/4.8.1/../../../../avr/lib\libpololu_atmega328p.a(OrangutanLCD.o)
 .text._ZN12OrangutanLCD8busyWaitEv
                0x000014b4       0x60 c:/program files (x86)/atmel/atmel toolchain/avr8 gcc/native/3.4.1061/avr8-gnu-toolchain/bin/../lib/gcc/avr/4.8.1/../../../../avr/lib\libpololu_atmega328p.a(OrangutanLCD.o)
                0x000014b4                _ZN12OrangutanLCD8busyWaitEv
 .text._ZN12OrangutanLCD8sendDataEh
                0x00001514       0x4a c:/program files (x86)/atmel/atmel toolchain/avr8 gcc/native/3.4.1061/avr8-gnu-toolchain/bin/../lib/gcc/avr/4.8.1/../../../../avr/lib\libpololu_atmega328p.a(OrangutanLCD.o)
                0x00001514                _ZN12OrangutanLCD8sendDataEh
 .text._ZN12OrangutanLCD4sendEhhh
                0x0000155e       0x60 c:/program files (x86)/atmel/atmel toolchain/avr8 gcc/native/3.4.1061/avr8-gnu-toolchain/bin/../lib/gcc/avr/4.8.1/../../../../avr/lib\libpololu_atmega328p.a(OrangutanLCD.o)
                0x0000155e                _ZN12OrangutanLCD4sendEhhh
 .text._ZN12OrangutanLCD8send_cmdEh
                0x000015be        0xa c:/program files (x86)/atmel/atmel toolchain/avr8 gcc/native/3.4.1061/avr8-gnu-toolchain/bin/../lib/gcc/avr/4.8.1/../../../../avr/lib\libpololu_atmega328p.a(OrangutanLCD.o)
                0x000015be                _ZN12OrangutanLCD8send_cmdEh
 .text._ZN12OrangutanLCD9send_dataEh
                0x000015c8        0xa c:/program files (x86)/atmel/atmel toolchain/avr8 gcc/native/3.4.1061/avr8-gnu-toolchain/bin/../lib/gcc/avr/4.8.1/../../../../avr/lib\libpololu_atmega328p.a(OrangutanLCD.o)
                0x000015c8                _ZN12OrangutanLCD9send_dataEh
 .text._ZN12OrangutanLCD19loadCustomCharacterEPKch
                0x000015d2       0x4e c:/program files (x86)/atmel/atmel toolchain/avr8 gcc/native/3.4.1061/avr8-gnu-toolchain/bin/../lib/gcc/avr/4.8.1/../../../../avr/lib\libpololu_atmega328p.a(OrangutanLCD.o)
                0x000015d2                _ZN12OrangutanLCD19loadCustomCharacterEPKch
 .text.lcd_load_custom_character
                0x00001620        0x6 c:/program files (x86)/atmel/atmel toolchain/avr8 gcc/native/3.4.1061/avr8-gnu-toolchain/bin/../lib/gcc/avr/4.8.1/../../../../avr/lib\libpololu_atmega328p.a(OrangutanLCD.o)
                0x00001620                lcd_load_custom_character
 .text.print_character
                0x00001626        0x6 c:/program files (x86)/atmel/atmel toolchain/avr8 gcc/native/3.4.1061/avr8-gnu-toolchain/bin/../lib/gcc/avr/4.8.1/../../../../avr/lib\libpololu_atmega328p.a(OrangutanLCD.o)
                0x00001626                print_character
 .text._ZN12OrangutanLCD13send_4bit_cmdEh
                0x0000162c        0xa c:/program files (x86)/atmel/atmel toolchain/avr8 gcc/native/3.4.1061/avr8-gnu-toolchain/bin/../lib/gcc/avr/4.8.1/../../../../avr/lib\libpololu_atmega328p.a(OrangutanLCD.o)
                0x0000162c                _ZN12OrangutanLCD13send_4bit_cmdEh
 .text._ZN12OrangutanLCD5init2Ev
                0x00001636       0x7e c:/program files (x86)/atmel/atmel toolchain/avr8 gcc/native/3.4.1061/avr8-gnu-toolchain/bin/../lib/gcc/avr/4.8.1/../../../../avr/lib\libpololu_atmega328p.a(OrangutanLCD.o)
                0x00001636                _ZN12OrangutanLCD5init2Ev
 .text._ZN12OrangutanLCD4initEv
                0x000016b4       0x14 c:/program files (x86)/atmel/atmel toolchain/avr8 gcc/native/3.4.1061/avr8-gnu-toolchain/bin/../lib/gcc/avr/4.8.1/../../../../avr/lib\libpololu_atmega328p.a(OrangutanLCD.o)
                0x000016b4                _ZN12OrangutanLCD4initEv
 .text._ZN12OrangutanLCD5clearEv
                0x000016c8       0x58 c:/program files (x86)/atmel/atmel toolchain/avr8 gcc/native/3.4.1061/avr8-gnu-toolchain/bin/../lib/gcc/avr/4.8.1/../../../../avr/lib\libpololu_atmega328p.a(OrangutanLCD.o)
                0x000016c8                _ZN12OrangutanLCD5clearEv
 .text.clear    0x00001720        0x6 c:/program files (x86)/atmel/atmel toolchain/avr8 gcc/native/3.4.1061/avr8-gnu-toolchain/bin/../lib/gcc/avr/4.8.1/../../../../avr/lib\libpololu_atmega328p.a(OrangutanLCD.o)
                0x00001720                clear
 .text._ZN12OrangutanLCD5printEPKc
                0x00001726       0x28 c:/program files (x86)/atmel/atmel toolchain/avr8 gcc/native/3.4.1061/avr8-gnu-toolchain/bin/../lib/gcc/avr/4.8.1/../../../../avr/lib\libpololu_atmega328p.a(OrangutanLCD.o)
                0x00001726                _ZN12OrangutanLCD5printEPKc
 .text.print    0x0000174e        0x6 c:/program files (x86)/atmel/atmel toolchain/avr8 gcc/native/3.4.1061/avr8-gnu-toolchain/bin/../lib/gcc/avr/4.8.1/../../../../avr/lib\libpololu_atmega328p.a(OrangutanLCD.o)
                0x0000174e                print
 .text._ZN12OrangutanLCD21printFromProgramSpaceEPKc
                0x00001754       0x1c c:/program files (x86)/atmel/atmel toolchain/avr8 gcc/native/3.4.1061/avr8-gnu-toolchain/bin/../lib/gcc/avr/4.8.1/../../../../avr/lib\libpololu_atmega328p.a(OrangutanLCD.o)
                0x00001754                _ZN12OrangutanLCD21printFromProgramSpaceEPKc
 .text.print_from_program_space
                0x00001770        0x6 c:/program files (x86)/atmel/atmel toolchain/avr8 gcc/native/3.4.1061/avr8-gnu-toolchain/bin/../lib/gcc/avr/4.8.1/../../../../avr/lib\libpololu_atmega328p.a(OrangutanLCD.o)
                0x00001770                print_from_program_space
 .text._ZN12OrangutanLCD5printEm
                0x00001776       0x7c c:/program files (x86)/atmel/atmel toolchain/avr8 gcc/native/3.4.1061/avr8-gnu-toolchain/bin/../lib/gcc/avr/4.8.1/../../../../avr/lib\libpololu_atmega328p.a(OrangutanLCD.o)
                0x00001776                _ZN12OrangutanLCD5printEm
 .text._ZN12OrangutanLCD5printEl
                0x000017f2       0x38 c:/program files (x86)/atmel/atmel toolchain/avr8 gcc/native/3.4.1061/avr8-gnu-toolchain/bin/../lib/gcc/avr/4.8.1/../../../../avr/lib\libpololu_atmega328p.a(OrangutanLCD.o)
                0x000017f2                _ZN12OrangutanLCD5printEl
 .text.print_long
                0x0000182a        0x6 c:/program files (x86)/atmel/atmel toolchain/avr8 gcc/native/3.4.1061/avr8-gnu-toolchain/bin/../lib/gcc/avr/4.8.1/../../../../avr/lib\libpololu_atmega328p.a(OrangutanLCD.o)
                0x0000182a                print_long
 .text._ZN12OrangutanLCD6gotoXYEhh
                0x00001830       0x40 c:/program files (x86)/atmel/atmel toolchain/avr8 gcc/native/3.4.1061/avr8-gnu-toolchain/bin/../lib/gcc/avr/4.8.1/../../../../avr/lib\libpololu_atmega328p.a(OrangutanLCD.o)
                0x00001830                _ZN12OrangutanLCD6gotoXYEhh
 .text.lcd_goto_xy
                0x00001870        0x6 c:/program files (x86)/atmel/atmel toolchain/avr8 gcc/native/3.4.1061/avr8-gnu-toolchain/bin/../lib/gcc/avr/4.8.1/../../../../avr/lib\libpololu_atmega328p.a(OrangutanLCD.o)
                0x00001870                lcd_goto_xy
 .text._ZN16OrangutanDigital14getIORegistersEP8IOStructh
                0x00001876       0x96 c:/program files (x86)/atmel/atmel toolchain/avr8 gcc/native/3.4.1061/avr8-gnu-toolchain/bin/../lib/gcc/avr/4.8.1/../../../../avr/lib\libpololu_atmega328p.a(OrangutanMotors.o)
                0x00001876                _ZN16OrangutanDigital14getIORegistersEP8IOStructh
 .text._ZN16OrangutanDigital16setDataDirectionEP8IOStructh
                0x0000190c       0x1e c:/program files (x86)/atmel/atmel toolchain/avr8 gcc/native/3.4.1061/avr8-gnu-toolchain/bin/../lib/gcc/avr/4.8.1/../../../../avr/lib\libpololu_atmega328p.a(OrangutanMotors.o)
                0x0000190c                _ZN16OrangutanDigital16setDataDirectionEP8IOStructh
 .text._ZN16OrangutanDigital14setOutputValueEP8IOStructh
                0x0000192a       0x2e c:/program files (x86)/atmel/atmel toolchain/avr8 gcc/native/3.4.1061/avr8-gnu-toolchain/bin/../lib/gcc/avr/4.8.1/../../../../avr/lib\libpololu_atmega328p.a(OrangutanMotors.o)
                0x0000192a                _ZN16OrangutanDigital14setOutputValueEP8IOStructh
 .text._ZN16OrangutanDigital9setOutputEhh
                0x00001958       0x36 c:/program files (x86)/atmel/atmel toolchain/avr8 gcc/native/3.4.1061/avr8-gnu-toolchain/bin/../lib/gcc/avr/4.8.1/../../../../avr/lib\libpololu_atmega328p.a(OrangutanMotors.o)
                0x00001958                _ZN16OrangutanDigital9setOutputEhh
 .text._ZN15OrangutanMotors5init2Ev
                0x0000198e       0x50 c:/program files (x86)/atmel/atmel toolchain/avr8 gcc/native/3.4.1061/avr8-gnu-toolchain/bin/../lib/gcc/avr/4.8.1/../../../../avr/lib\libpololu_atmega328p.a(OrangutanMotors.o)
                0x0000198e                _ZN15OrangutanMotors5init2Ev
 .text._ZN15OrangutanMotors4initEv
                0x000019de       0x14 c:/program files (x86)/atmel/atmel toolchain/avr8 gcc/native/3.4.1061/avr8-gnu-toolchain/bin/../lib/gcc/avr/4.8.1/../../../../avr/lib\libpololu_atmega328p.a(OrangutanMotors.o)
                0x000019de                _ZN15OrangutanMotors4initEv
 .text._ZN15OrangutanMotors10setM1SpeedEi
                0x000019f2       0x3a c:/program files (x86)/atmel/atmel toolchain/avr8 gcc/native/3.4.1061/avr8-gnu-toolchain/bin/../lib/gcc/avr/4.8.1/../../../../avr/lib\libpololu_atmega328p.a(OrangutanMotors.o)
                0x000019f2                _ZN15OrangutanMotors10setM1SpeedEi
 .text._ZN15OrangutanMotors10setM2SpeedEi
                0x00001a2c       0x42 c:/program files (x86)/atmel/atmel toolchain/avr8 gcc/native/3.4.1061/avr8-gnu-toolchain/bin/../lib/gcc/avr/4.8.1/../../../../avr/lib\libpololu_atmega328p.a(OrangutanMotors.o)
                0x00001a2c                _ZN15OrangutanMotors10setM2SpeedEi
 .text._ZN15OrangutanMotors9setSpeedsEii
                0x00001a6e       0x16 c:/program files (x86)/atmel/atmel toolchain/avr8 gcc/native/3.4.1061/avr8-gnu-toolchain/bin/../lib/gcc/avr/4.8.1/../../../../avr/lib\libpololu_atmega328p.a(OrangutanMotors.o)
                0x00001a6e                _ZN15OrangutanMotors9setSpeedsEii
 .text.set_motors
                0x00001a84        0x6 c:/program files (x86)/atmel/atmel toolchain/avr8 gcc/native/3.4.1061/avr8-gnu-toolchain/bin/../lib/gcc/avr/4.8.1/../../../../avr/lib\libpololu_atmega328p.a(OrangutanMotors.o)
                0x00001a84                set_motors
 .text._ZN20OrangutanPushbuttons5init2Ev
                0x00001a8a       0x20 c:/program files (x86)/atmel/atmel toolchain/avr8 gcc/native/3.4.1061/avr8-gnu-toolchain/bin/../lib/gcc/avr/4.8.1/../../../../avr/lib\libpololu_atmega328p.a(OrangutanPushbuttons.o)
                0x00001a8a                _ZN20OrangutanPushbuttons5init2Ev
 .text._ZN20OrangutanPushbuttons4initEv
                0x00001aaa       0x14 c:/program files (x86)/atmel/atmel toolchain/avr8 gcc/native/3.4.1061/avr8-gnu-toolchain/bin/../lib/gcc/avr/4.8.1/../../../../avr/lib\libpololu_atmega328p.a(OrangutanPushbuttons.o)
                0x00001aaa                _ZN20OrangutanPushbuttons4initEv
 .text._ZN20OrangutanPushbuttons14waitForReleaseEh
                0x00001abe       0x24 c:/program files (x86)/atmel/atmel toolchain/avr8 gcc/native/3.4.1061/avr8-gnu-toolchain/bin/../lib/gcc/avr/4.8.1/../../../../avr/lib\libpololu_atmega328p.a(OrangutanPushbuttons.o)
                0x00001abe                _ZN20OrangutanPushbuttons14waitForReleaseEh
 .text.wait_for_button_release
                0x00001ae2        0x6 c:/program files (x86)/atmel/atmel toolchain/avr8 gcc/native/3.4.1061/avr8-gnu-toolchain/bin/../lib/gcc/avr/4.8.1/../../../../avr/lib\libpololu_atmega328p.a(OrangutanPushbuttons.o)
                0x00001ae2                wait_for_button_release
 .text._ZN20OrangutanPushbuttons9isPressedEh
                0x00001ae8       0x22 c:/program files (x86)/atmel/atmel toolchain/avr8 gcc/native/3.4.1061/avr8-gnu-toolchain/bin/../lib/gcc/avr/4.8.1/../../../../avr/lib\libpololu_atmega328p.a(OrangutanPushbuttons.o)
                0x00001ae8                _ZN20OrangutanPushbuttons9isPressedEh
 .text.button_is_pressed
                0x00001b0a        0x6 c:/program files (x86)/atmel/atmel toolchain/avr8 gcc/native/3.4.1061/avr8-gnu-toolchain/bin/../lib/gcc/avr/4.8.1/../../../../avr/lib\libpololu_atmega328p.a(OrangutanPushbuttons.o)
                0x00001b0a                button_is_pressed
 .text._ZN13OrangutanTime17delayMicrosecondsEj
                0x00001b10       0x10 c:/program files (x86)/atmel/atmel toolchain/avr8 gcc/native/3.4.1061/avr8-gnu-toolchain/bin/../lib/gcc/avr/4.8.1/../../../../avr/lib\libpololu_atmega328p.a(OrangutanTime.o)
                0x00001b10                _ZN13OrangutanTime17delayMicrosecondsEj
 .text.__vector_9
                0x00001b20       0x74 c:/program files (x86)/atmel/atmel toolchain/avr8 gcc/native/3.4.1061/avr8-gnu-toolchain/bin/../lib/gcc/avr/4.8.1/../../../../avr/lib\libpololu_atmega328p.a(OrangutanTime.o)
                0x00001b20                __vector_9
 .text._ZN13OrangutanTime17delayMillisecondsEj
                0x00001b94       0x1c c:/program files (x86)/atmel/atmel toolchain/avr8 gcc/native/3.4.1061/avr8-gnu-toolchain/bin/../lib/gcc/avr/4.8.1/../../../../avr/lib\libpololu_atmega328p.a(OrangutanTime.o)
                0x00001b94                _ZN13OrangutanTime17delayMillisecondsEj
 .text.delay_ms
                0x00001bb0        0x6 c:/program files (x86)/atmel/atmel toolchain/avr8 gcc/native/3.4.1061/avr8-gnu-toolchain/bin/../lib/gcc/avr/4.8.1/../../../../avr/lib\libpololu_atmega328p.a(OrangutanTime.o)
                0x00001bb0                delay_ms
 .text._ZN13OrangutanTime5init2Ev
                0x00001bb6       0x30 c:/program files (x86)/atmel/atmel toolchain/avr8 gcc/native/3.4.1061/avr8-gnu-toolchain/bin/../lib/gcc/avr/4.8.1/../../../../avr/lib\libpololu_atmega328p.a(OrangutanTime.o)
                0x00001bb6                _ZN13OrangutanTime5init2Ev
 .text._ZN13OrangutanTime4initEv
                0x00001be6       0x14 c:/program files (x86)/atmel/atmel toolchain/avr8 gcc/native/3.4.1061/avr8-gnu-toolchain/bin/../lib/gcc/avr/4.8.1/../../../../avr/lib\libpololu_atmega328p.a(OrangutanTime.o)
                0x00001be6                _ZN13OrangutanTime4initEv
 .text._ZN13OrangutanTime5resetEv
                0x00001bfa       0x2e c:/program files (x86)/atmel/atmel toolchain/avr8 gcc/native/3.4.1061/avr8-gnu-toolchain/bin/../lib/gcc/avr/4.8.1/../../../../avr/lib\libpololu_atmega328p.a(OrangutanTime.o)
                0x00001bfa                _ZN13OrangutanTime5resetEv
 .text.calibrate_line_sensors
                0x00001c28        0xc c:/program files (x86)/atmel/atmel toolchain/avr8 gcc/native/3.4.1061/avr8-gnu-toolchain/bin/../lib/gcc/avr/4.8.1/../../../../avr/lib\libpololu_atmega328p.a(Pololu3pi.o)
                0x00001c28                calibrate_line_sensors
 .text.read_line
                0x00001c34       0x12 c:/program files (x86)/atmel/atmel toolchain/avr8 gcc/native/3.4.1061/avr8-gnu-toolchain/bin/../lib/gcc/avr/4.8.1/../../../../avr/lib\libpololu_atmega328p.a(Pololu3pi.o)
                0x00001c34                read_line
 .text._ZN9Pololu3pi4initEjh
                0x00001c46       0x64 c:/program files (x86)/atmel/atmel toolchain/avr8 gcc/native/3.4.1061/avr8-gnu-toolchain/bin/../lib/gcc/avr/4.8.1/../../../../avr/lib\libpololu_atmega328p.a(Pololu3pi.o)
                0x00001c46                _ZN9Pololu3pi4initEjh
 .text.pololu_3pi_init
                0x00001caa        0x8 c:/program files (x86)/atmel/atmel toolchain/avr8 gcc/native/3.4.1061/avr8-gnu-toolchain/bin/../lib/gcc/avr/4.8.1/../../../../avr/lib\libpololu_atmega328p.a(Pololu3pi.o)
                0x00001caa                pololu_3pi_init
 .text._GLOBAL__I_pololu_3pi_init
                0x00001cb2        0x2 c:/program files (x86)/atmel/atmel toolchain/avr8 gcc/native/3.4.1061/avr8-gnu-toolchain/bin/../lib/gcc/avr/4.8.1/../../../../avr/lib\libpololu_atmega328p.a(Pololu3pi.o)
 .text._GLOBAL__D_pololu_3pi_init
                0x00001cb4        0xa c:/program files (x86)/atmel/atmel toolchain/avr8 gcc/native/3.4.1061/avr8-gnu-toolchain/bin/../lib/gcc/avr/4.8.1/../../../../avr/lib\libpololu_atmega328p.a(Pololu3pi.o)
 .text.delayMicroseconds
                0x00001cbe       0x10 c:/program files (x86)/atmel/atmel toolchain/avr8 gcc/native/3.4.1061/avr8-gnu-toolchain/bin/../lib/gcc/avr/4.8.1/../../../../avr/lib\libpololu_atmega328p.a(PololuQTRSensors.o)
 .text._ZN16PololuQTRSensors4initEhhh
                0x00001cce       0x5a c:/program files (x86)/atmel/atmel toolchain/avr8 gcc/native/3.4.1061/avr8-gnu-toolchain/bin/../lib/gcc/avr/4.8.1/../../../../avr/lib\libpololu_atmega328p.a(PololuQTRSensors.o)
                0x00001cce                _ZN16PololuQTRSensors4initEhhh
 .text._ZN16PololuQTRSensors11emittersOffEv
                0x00001d28       0x2a c:/program files (x86)/atmel/atmel toolchain/avr8 gcc/native/3.4.1061/avr8-gnu-toolchain/bin/../lib/gcc/avr/4.8.1/../../../../avr/lib\libpololu_atmega328p.a(PololuQTRSensors.o)
                0x00001d28                _ZN16PololuQTRSensors11emittersOffEv
 .text._ZN16PololuQTRSensors10emittersOnEv
                0x00001d52       0x28 c:/program files (x86)/atmel/atmel toolchain/avr8 gcc/native/3.4.1061/avr8-gnu-toolchain/bin/../lib/gcc/avr/4.8.1/../../../../avr/lib\libpololu_atmega328p.a(PololuQTRSensors.o)
                0x00001d52                _ZN16PololuQTRSensors10emittersOnEv
 .text._ZN18PololuQTRSensorsRC4initEPhhjh
                0x00001d7a       0xb2 c:/program files (x86)/atmel/atmel toolchain/avr8 gcc/native/3.4.1061/avr8-gnu-toolchain/bin/../lib/gcc/avr/4.8.1/../../../../avr/lib\libpololu_atmega328p.a(PololuQTRSensors.o)
                0x00001d7a                _ZN18PololuQTRSensorsRC4initEPhhjh
 .text._ZN18PololuQTRSensorsRC11readPrivateEPj
                0x00001e2c      0x1ce c:/program files (x86)/atmel/atmel toolchain/avr8 gcc/native/3.4.1061/avr8-gnu-toolchain/bin/../lib/gcc/avr/4.8.1/../../../../avr/lib\libpololu_atmega328p.a(PololuQTRSensors.o)
                0x00001e2c                _ZN18PololuQTRSensorsRC11readPrivateEPj
 .text._ZN22PololuQTRSensorsAnalog11readPrivateEPj
                0x00001ffa      0x104 c:/program files (x86)/atmel/atmel toolchain/avr8 gcc/native/3.4.1061/avr8-gnu-toolchain/bin/../lib/gcc/avr/4.8.1/../../../../avr/lib\libpololu_atmega328p.a(PololuQTRSensors.o)
                0x00001ffa                _ZN22PololuQTRSensorsAnalog11readPrivateEPj
 .text._ZN16PololuQTRSensors4readEPjh
                0x000020fe       0xbe c:/program files (x86)/atmel/atmel toolchain/avr8 gcc/native/3.4.1061/avr8-gnu-toolchain/bin/../lib/gcc/avr/4.8.1/../../../../avr/lib\libpololu_atmega328p.a(PololuQTRSensors.o)
                0x000020fe                _ZN16PololuQTRSensors4readEPjh
 .text._ZN16PololuQTRSensors14readCalibratedEPjh
                0x000021bc      0x188 c:/program files (x86)/atmel/atmel toolchain/avr8 gcc/native/3.4.1061/avr8-gnu-toolchain/bin/../lib/gcc/avr/4.8.1/../../../../avr/lib\libpololu_atmega328p.a(PololuQTRSensors.o)
                0x000021bc                _ZN16PololuQTRSensors14readCalibratedEPjh
 .text._ZN16PololuQTRSensors8readLineEPjhh
                0x00002344      0x136 c:/program files (x86)/atmel/atmel toolchain/avr8 gcc/native/3.4.1061/avr8-gnu-toolchain/bin/../lib/gcc/avr/4.8.1/../../../../avr/lib\libpololu_atmega328p.a(PololuQTRSensors.o)
                0x00002344                _ZN16PololuQTRSensors8readLineEPjhh
 .text._ZN16PololuQTRSensors16calibrateOnOrOffEPPjS1_h
                0x0000247a      0x20e c:/program files (x86)/atmel/atmel toolchain/avr8 gcc/native/3.4.1061/avr8-gnu-toolchain/bin/../lib/gcc/avr/4.8.1/../../../../avr/lib\libpololu_atmega328p.a(PololuQTRSensors.o)
                0x0000247a                _ZN16PololuQTRSensors16calibrateOnOrOffEPPjS1_h
 .text._ZN16PololuQTRSensors9calibrateEh
                0x00002688       0x48 c:/program files (x86)/atmel/atmel toolchain/avr8 gcc/native/3.4.1061/avr8-gnu-toolchain/bin/../lib/gcc/avr/4.8.1/../../../../avr/lib\libpololu_atmega328p.a(PololuQTRSensors.o)
                0x00002688                _ZN16PololuQTRSensors9calibrateEh
 .text._ZN16PololuQTRSensorsD2Ev
                0x000026d0       0x3c c:/program files (x86)/atmel/atmel toolchain/avr8 gcc/native/3.4.1061/avr8-gnu-toolchain/bin/../lib/gcc/avr/4.8.1/../../../../avr/lib\libpololu_atmega328p.a(PololuQTRSensors.o)
                0x000026d0                _ZN16PololuQTRSensorsD1Ev
                0x000026d0                _ZN16PololuQTRSensorsD2Ev
 .text.libgcc.mul
                0x0000270c       0x20 c:/program files (x86)/atmel/atmel toolchain/avr8 gcc/native/3.4.1061/avr8-gnu-toolchain/bin/../lib/gcc/avr/4.8.1/avr5\libgcc.a(_mulsi3.o)
                0x0000270c                __mulsi3
 .text.libgcc.div
                0x0000272c       0x18 c:/program files (x86)/atmel/atmel toolchain/avr8 gcc/native/3.4.1061/avr8-gnu-toolchain/bin/../lib/gcc/avr/4.8.1/avr5\libgcc.a(_udivmodqi4.o)
                0x0000272c                __udivmodqi4
 .text.libgcc.div
                0x00002744       0x28 c:/program files (x86)/atmel/atmel toolchain/avr8 gcc/native/3.4.1061/avr8-gnu-toolchain/bin/../lib/gcc/avr/4.8.1/avr5\libgcc.a(_udivmodhi4.o)
                0x00002744                __udivmodhi4
 .text.libgcc.div
                0x0000276c       0x28 c:/program files (x86)/atmel/atmel toolchain/avr8 gcc/native/3.4.1061/avr8-gnu-toolchain/bin/../lib/gcc/avr/4.8.1/avr5\libgcc.a(_divmodhi4.o)
                0x0000276c                _div
                0x0000276c                __divmodhi4
 .text.libgcc.div
                0x00002794       0x44 c:/program files (x86)/atmel/atmel toolchain/avr8 gcc/native/3.4.1061/avr8-gnu-toolchain/bin/../lib/gcc/avr/4.8.1/avr5\libgcc.a(_udivmodsi4.o)
                0x00002794                __udivmodsi4
 .text.libgcc.div
                0x000027d8       0x2e c:/program files (x86)/atmel/atmel toolchain/avr8 gcc/native/3.4.1061/avr8-gnu-toolchain/bin/../lib/gcc/avr/4.8.1/avr5\libgcc.a(_divmodsi4.o)
                0x000027d8                __divmodsi4
 .text.libgcc.div
                0x00002806       0x10 c:/program files (x86)/atmel/atmel toolchain/avr8 gcc/native/3.4.1061/avr8-gnu-toolchain/bin/../lib/gcc/avr/4.8.1/avr5\libgcc.a(_negsi2.o)
                0x00002806                __negsi2
 .text.libgcc.mul
                0x00002816       0x16 c:/program files (x86)/atmel/atmel toolchain/avr8 gcc/native/3.4.1061/avr8-gnu-toolchain/bin/../lib/gcc/avr/4.8.1/avr5\libgcc.a(_muluhisi3.o)
                0x00002816                __muluhisi3
 .text.libgcc.prologue
                0x0000282c       0x38 c:/program files (x86)/atmel/atmel toolchain/avr8 gcc/native/3.4.1061/avr8-gnu-toolchain/bin/../lib/gcc/avr/4.8.1/avr5\libgcc.a(_prologue.o)
                0x0000282c                __prologue_saves__
 .text.libgcc.prologue
                0x00002864       0x36 c:/program files (x86)/atmel/atmel toolchain/avr8 gcc/native/3.4.1061/avr8-gnu-toolchain/bin/../lib/gcc/avr/4.8.1/avr5\libgcc.a(_epilogue.o)
                0x00002864                __epilogue_restores__
 .text.libgcc   0x0000289a        0xc c:/program files (x86)/atmel/atmel toolchain/avr8 gcc/native/3.4.1061/avr8-gnu-toolchain/bin/../lib/gcc/avr/4.8.1/avr5\libgcc.a(_tablejump.o)
                0x0000289a                __tablejump2__
                0x0000289e                __tablejump__
 .text.libgcc.mul
                0x000028a6       0x1e c:/program files (x86)/atmel/atmel toolchain/avr8 gcc/native/3.4.1061/avr8-gnu-toolchain/bin/../lib/gcc/avr/4.8.1/avr5\libgcc.a(_umulhisi3.o)
                0x000028a6                __umulhisi3
 .text.avr-libc
                0x000028c4      0x24e c:/program files (x86)/atmel/atmel toolchain/avr8 gcc/native/3.4.1061/avr8-gnu-toolchain/bin/../lib/gcc/avr/4.8.1/../../../../avr/lib/avr5\libc.a(malloc.o)
                0x000028c4                malloc
                0x000029f4                free
 .text.avr-libc
                0x00002b12       0x20 c:/program files (x86)/atmel/atmel toolchain/avr8 gcc/native/3.4.1061/avr8-gnu-toolchain/bin/../lib/gcc/avr/4.8.1/../../../../avr/lib/avr5\libc.a(strrev.o)
                0x00002b12                strrev
                0x00002b32                . = ALIGN (0x2)
 *(.fini9)
 .fini9         0x00002b32        0x0 c:/program files (x86)/atmel/atmel toolchain/avr8 gcc/native/3.4.1061/avr8-gnu-toolchain/bin/../lib/gcc/avr/4.8.1/avr5\libgcc.a(_exit.o)
                0x00002b32                _exit
                0x00002b32                exit
 *(.fini9)
 *(.fini8)
 *(.fini8)
 *(.fini7)
 *(.fini7)
 *(.fini6)
 .fini6         0x00002b32       0x16 c:/program files (x86)/atmel/atmel toolchain/avr8 gcc/native/3.4.1061/avr8-gnu-toolchain/bin/../lib/gcc/avr/4.8.1/avr5\libgcc.a(_dtors.o)
                0x00002b32                __do_global_dtors
 *(.fini6)
 *(.fini5)
 *(.fini5)
 *(.fini4)
 *(.fini4)
 *(.fini3)
 *(.fini3)
 *(.fini2)
 *(.fini2)
 *(.fini1)
 *(.fini1)
 *(.fini0)
 .fini0         0x00002b48        0x4 c:/program files (x86)/atmel/atmel toolchain/avr8 gcc/native/3.4.1061/avr8-gnu-toolchain/bin/../lib/gcc/avr/4.8.1/avr5\libgcc.a(_exit.o)
 *(.fini0)
                0x00002b4c                _etext = .

.data           0x00800100       0x4a load address 0x00002b4c
                0x00800100                PROVIDE (__data_start, .)
 *(.data)
 .data          0x00800100        0x2 c:/program files (x86)/atmel/atmel toolchain/avr8 gcc/native/3.4.1061/avr8-gnu-toolchain/bin/../lib/gcc/avr/4.8.1/../../../../avr/lib\libpololu_atmega328p.a(OrangutanAnalog.o)
 .data          0x00800102       0x22 c:/program files (x86)/atmel/atmel toolchain/avr8 gcc/native/3.4.1061/avr8-gnu-toolchain/bin/../lib/gcc/avr/4.8.1/../../../../avr/lib\libpololu_atmega328p.a(OrangutanBuzzer.o)
                0x00800102                buzzerFinished
 .data          0x00800124        0x2 c:/program files (x86)/atmel/atmel toolchain/avr8 gcc/native/3.4.1061/avr8-gnu-toolchain/bin/../lib/gcc/avr/4.8.1/../../../../avr/lib\libpololu_atmega328p.a(OrangutanLCD.o)
                0x00800124                numLCDRows
                0x00800125                numLCDCols
 .data          0x00800126        0x5 c:/program files (x86)/atmel/atmel toolchain/avr8 gcc/native/3.4.1061/avr8-gnu-toolchain/bin/../lib/gcc/avr/4.8.1/../../../../avr/lib\libpololu_atmega328p.a(Pololu3pi.o)
 .data          0x0080012b        0x6 c:/program files (x86)/atmel/atmel toolchain/avr8 gcc/native/3.4.1061/avr8-gnu-toolchain/bin/../lib/gcc/avr/4.8.1/../../../../avr/lib/avr5\libc.a(malloc.o)
                0x0080012b                __malloc_heap_end
                0x0080012d                __malloc_heap_start
                0x0080012f                __malloc_margin
 *(.data*)
 *(.rodata)
 .rodata        0x00800131        0xa bargraph.o
 *(.rodata*)
 .rodata.str1.1
                0x0080013b        0xf main.o
 *(.gnu.linkonce.d*)
                0x0080014a                . = ALIGN (0x2)
                0x0080014a                _edata = .
                0x0080014a                PROVIDE (__data_end, .)

.bss            0x0080014a      0x26d
                0x0080014a                PROVIDE (__bss_start, .)
 *(.bss)
 .bss           0x0080014a        0x9 c:/program files (x86)/atmel/atmel toolchain/avr8 gcc/native/3.4.1061/avr8-gnu-toolchain/bin/../lib/gcc/avr/4.8.1/../../../../avr/lib\libpololu_atmega328p.a(OrangutanBuzzer.o)
                0x0080014a                buzzerInitialized
                0x0080014b                buzzerSequence
 .bss           0x00800153        0x9 c:/program files (x86)/atmel/atmel toolchain/avr8 gcc/native/3.4.1061/avr8-gnu-toolchain/bin/../lib/gcc/avr/4.8.1/../../../../avr/lib\libpololu_atmega328p.a(OrangutanLCD.o)
                0x00800153                printf_chars
                0x00800155                row
                0x00800156                col
                0x00800157                lcdTimeout
                0x0080015b                _ZZN12OrangutanLCD4initEvE11initialized
 .bss           0x0080015c        0x1 c:/program files (x86)/atmel/atmel toolchain/avr8 gcc/native/3.4.1061/avr8-gnu-toolchain/bin/../lib/gcc/avr/4.8.1/../../../../avr/lib\libpololu_atmega328p.a(OrangutanMotors.o)
                0x0080015c                _ZZN15OrangutanMotors4initEvE11initialized
 .bss           0x0080015d        0xd c:/program files (x86)/atmel/atmel toolchain/avr8 gcc/native/3.4.1061/avr8-gnu-toolchain/bin/../lib/gcc/avr/4.8.1/../../../../avr/lib\libpololu_atmega328p.a(OrangutanPushbuttons.o)
                0x0080015d                _ZZN20OrangutanPushbuttons4initEvE11initialized
 .bss           0x0080016a        0xb c:/program files (x86)/atmel/atmel toolchain/avr8 gcc/native/3.4.1061/avr8-gnu-toolchain/bin/../lib/gcc/avr/4.8.1/../../../../avr/lib\libpololu_atmega328p.a(OrangutanTime.o)
                0x0080016a                tickCount
                0x0080016e                msCounter
                0x00800172                us_over_10
                0x00800174                _ZZN13OrangutanTime4initEvE11initialized
 .bss           0x00800175       0x44 c:/program files (x86)/atmel/atmel toolchain/avr8 gcc/native/3.4.1061/avr8-gnu-toolchain/bin/../lib/gcc/avr/4.8.1/../../../../avr/lib\libpololu_atmega328p.a(Pololu3pi.o)
 .bss           0x008001b9        0x4 c:/program files (x86)/atmel/atmel toolchain/avr8 gcc/native/3.4.1061/avr8-gnu-toolchain/bin/../lib/gcc/avr/4.8.1/../../../../avr/lib\libpololu_atmega328p.a(PololuQTRSensors.o)
 *(.bss*)
 .bss.node_number
                0x008001bd        0x2 maze-solve.o
                0x008001bd                node_number
 *(COMMON)
 COMMON         0x008001bf      0x1f4 maze-solve.o
                0x008001bf                directions_solved
 COMMON         0x008003b3        0x4 c:/program files (x86)/atmel/atmel toolchain/avr8 gcc/native/3.4.1061/avr8-gnu-toolchain/bin/../lib/gcc/avr/4.8.1/../../../../avr/lib/avr5\libc.a(malloc.o)
                0x008003b3                __brkval
                0x008003b5                __flp
                0x008003b7                PROVIDE (__bss_end, .)
                0x00002b4c                __data_load_start = LOADADDR (.data)
                0x00002b96                __data_load_end = (__data_load_start + SIZEOF (.data))

.noinit         0x008003b7        0x0
                0x008003b7                PROVIDE (__noinit_start, .)
 *(.noinit*)
                0x008003b7                PROVIDE (__noinit_end, .)
                0x008003b7                _end = .
                0x008003b7                PROVIDE (__heap_start, .)

.eeprom         0x00810000        0x0
 *(.eeprom*)
                0x00810000                __eeprom_end = .

.fuse
 *(.fuse)
 *(.lfuse)
 *(.hfuse)
 *(.efuse)

.lock
 *(.lock*)

.signature
 *(.signature*)

.user_signatures
 *(.user_signatures*)

.stab           0x00000000     0x6624
 *(.stab)
 .stab          0x00000000      0x9c0 c:/program files (x86)/atmel/atmel toolchain/avr8 gcc/native/3.4.1061/avr8-gnu-toolchain/bin/../lib/gcc/avr/4.8.1/../../../../avr/lib\libpololu_atmega328p.a(OrangutanAnalog.o)
                               0x13e0 (size before relaxing)
 .stab          0x000009c0     0x1134 c:/program files (x86)/atmel/atmel toolchain/avr8 gcc/native/3.4.1061/avr8-gnu-toolchain/bin/../lib/gcc/avr/4.8.1/../../../../avr/lib\libpololu_atmega328p.a(OrangutanBuzzer.o)
                               0x156c (size before relaxing)
 .stab          0x00001af4     0x1470 c:/program files (x86)/atmel/atmel toolchain/avr8 gcc/native/3.4.1061/avr8-gnu-toolchain/bin/../lib/gcc/avr/4.8.1/../../../../avr/lib\libpololu_atmega328p.a(OrangutanLCD.o)
                               0x20a0 (size before relaxing)
 .stab          0x00002f64      0xa38 c:/program files (x86)/atmel/atmel toolchain/avr8 gcc/native/3.4.1061/avr8-gnu-toolchain/bin/../lib/gcc/avr/4.8.1/../../../../avr/lib\libpololu_atmega328p.a(OrangutanMotors.o)
                                0xb40 (size before relaxing)
 .stab          0x0000399c      0x660 c:/program files (x86)/atmel/atmel toolchain/avr8 gcc/native/3.4.1061/avr8-gnu-toolchain/bin/../lib/gcc/avr/4.8.1/../../../../avr/lib\libpololu_atmega328p.a(OrangutanPushbuttons.o)
                                0xce4 (size before relaxing)
 .stab          0x00003ffc      0x6c0 c:/program files (x86)/atmel/atmel toolchain/avr8 gcc/native/3.4.1061/avr8-gnu-toolchain/bin/../lib/gcc/avr/4.8.1/../../../../avr/lib\libpololu_atmega328p.a(OrangutanTime.o)
                                0x978 (size before relaxing)
 .stab          0x000046bc      0x6fc c:/program files (x86)/atmel/atmel toolchain/avr8 gcc/native/3.4.1061/avr8-gnu-toolchain/bin/../lib/gcc/avr/4.8.1/../../../../avr/lib\libpololu_atmega328p.a(Pololu3pi.o)
                                0xe04 (size before relaxing)
 .stab          0x00004db8     0x186c c:/program files (x86)/atmel/atmel toolchain/avr8 gcc/native/3.4.1061/avr8-gnu-toolchain/bin/../lib/gcc/avr/4.8.1/../../../../avr/lib\libpololu_atmega328p.a(PololuQTRSensors.o)
                               0x20c4 (size before relaxing)

.stabstr        0x00000000     0x8bbc
 *(.stabstr)
 .stabstr       0x00000000     0x8bbc c:/program files (x86)/atmel/atmel toolchain/avr8 gcc/native/3.4.1061/avr8-gnu-toolchain/bin/../lib/gcc/avr/4.8.1/../../../../avr/lib\libpololu_atmega328p.a(OrangutanAnalog.o)

.stab.excl
 *(.stab.excl)

.stab.exclstr
 *(.stab.exclstr)

.stab.index
 *(.stab.index)

.stab.indexstr
 *(.stab.indexstr)

.comment        0x00000000       0x30
 *(.comment)
 .comment       0x00000000       0x30 bargraph.o
                                 0x31 (size before relaxing)
 .comment       0x00000000       0x31 follow-segment.o
 .comment       0x00000000       0x31 main.o
 .comment       0x00000000       0x31 maze-solve.o
 .comment       0x00000000       0x31 turn.o
 .comment       0x00000000       0x31 c:/program files (x86)/atmel/atmel toolchain/avr8 gcc/native/3.4.1061/avr8-gnu-toolchain/bin/../lib/gcc/avr/4.8.1/../../../../avr/lib/avr5\libc.a(malloc.o)

.note.gnu.build-id
 *(.note.gnu.build-id)

.debug
 *(.debug)

.line
 *(.line)

.debug_srcinfo
 *(.debug_srcinfo)

.debug_sfnames
 *(.debug_sfnames)

.debug_aranges  0x00000000      0x110
 *(.debug_aranges)
 .debug_aranges
                0x00000000       0x30 bargraph.o
 .debug_aranges
                0x00000030       0x28 follow-segment.o
 .debug_aranges
                0x00000058       0x30 main.o
 .debug_aranges
                0x00000088       0x60 maze-solve.o
 .debug_aranges
                0x000000e8       0x28 turn.o

.debug_pubnames
 *(.debug_pubnames)

.debug_info     0x00000000     0x18a8
 *(.debug_info .gnu.linkonce.wi.*)
 .debug_info    0x00000000      0x292 bargraph.o
 .debug_info    0x00000292      0x1a2 follow-segment.o
 .debug_info    0x00000434      0x6e2 main.o
 .debug_info    0x00000b16      0x64b maze-solve.o
 .debug_info    0x00001161      0x747 turn.o

.debug_abbrev   0x00000000      0x7a9
 *(.debug_abbrev)
 .debug_abbrev  0x00000000      0x170 bargraph.o
 .debug_abbrev  0x00000170      0x116 follow-segment.o
 .debug_abbrev  0x00000286      0x1ef main.o
 .debug_abbrev  0x00000475      0x21c maze-solve.o
 .debug_abbrev  0x00000691      0x118 turn.o

.debug_line     0x00000000     0x1100
 *(.debug_line .debug_line.* .debug_line_end)
 .debug_line    0x00000000      0x18b bargraph.o
 .debug_line    0x0000018b      0x20f follow-segment.o
 .debug_line    0x0000039a      0x528 main.o
 .debug_line    0x000008c2      0x54c maze-solve.o
 .debug_line    0x00000e0e      0x2f2 turn.o

.debug_frame    0x00000000      0x284
 *(.debug_frame)
 .debug_frame   0x00000000       0x74 bargraph.o
 .debug_frame   0x00000074       0x94 follow-segment.o
 .debug_frame   0x00000108       0x60 main.o
 .debug_frame   0x00000168       0xe8 maze-solve.o
 .debug_frame   0x00000250       0x34 turn.o

.debug_str      0x00000000      0x524
 *(.debug_str)
 .debug_str     0x00000000      0x1ba bargraph.o
                                0x1f3 (size before relaxing)
 .debug_str     0x000001ba       0x7a follow-segment.o
                                0x1e9 (size before relaxing)
 .debug_str     0x00000234      0x15a main.o
                                0x30d (size before relaxing)
 .debug_str     0x0000038e      0x179 maze-solve.o
                                0x30f (size before relaxing)
 .debug_str     0x00000507       0x1d turn.o
                                0x1c9 (size before relaxing)

.debug_loc      0x00000000      0xc87
 *(.debug_loc)
 .debug_loc     0x00000000       0xea bargraph.o
 .debug_loc     0x000000ea      0x2a5 follow-segment.o
 .debug_loc     0x0000038f       0xcc main.o
 .debug_loc     0x0000045b      0x666 maze-solve.o
 .debug_loc     0x00000ac1      0x1c6 turn.o

.debug_macinfo
 *(.debug_macinfo)

.debug_weaknames
 *(.debug_weaknames)

.debug_funcnames
 *(.debug_funcnames)

.debug_typenames
 *(.debug_typenames)

.debug_varnames
 *(.debug_varnames)

.debug_pubtypes
 *(.debug_pubtypes)

.debug_ranges   0x00000000       0xf0
 *(.debug_ranges)
 .debug_ranges  0x00000000       0x20 bargraph.o
 .debug_ranges  0x00000020       0x18 follow-segment.o
 .debug_ranges  0x00000038       0x38 main.o
 .debug_ranges  0x00000070       0x68 maze-solve.o
 .debug_ranges  0x000000d8       0x18 turn.o

.debug_macro
 *(.debug_macro)
OUTPUT(3pi-mazesolver.elf elf32-avr)
LOAD linker stubs
